// Jest Snapshot v1, https://goo.gl/fbAQLP

exports[`testing InvoicesTableWidget render 1`] = `
{
  "asFragment": [Function],
  "baseElement": <body>
    <div>
      <section
        class="root"
        data-testid="table"
      >
        <div
          class="table"
        >
          <table
            columns="[object Object],[object Object],[object Object],[object Object],[object Object],[object Object],[object Object],[object Object]"
            data="[object Object],[object Object],[object Object],[object Object],[object Object],[object Object],[object Object],[object Object]"
          />
        </div>
        <div
          class="pagination"
        >
          <pagination
            btnnext="btn.next"
            btnprev="btn.prev"
            currentpage="5"
            pages="20"
            textcontent="Page 5 of 20"
          />
        </div>
      </section>
    </div>
  </body>,
  "container": <div>
    <section
      class="root"
      data-testid="table"
    >
      <div
        class="table"
      >
        <table
          columns="[object Object],[object Object],[object Object],[object Object],[object Object],[object Object],[object Object],[object Object]"
          data="[object Object],[object Object],[object Object],[object Object],[object Object],[object Object],[object Object],[object Object]"
        />
      </div>
      <div
        class="pagination"
      >
        <pagination
          btnnext="btn.next"
          btnprev="btn.prev"
          currentpage="5"
          pages="20"
          textcontent="Page 5 of 20"
        />
      </div>
    </section>
  </div>,
  "debug": [Function],
  "findAllByAltText": [Function],
  "findAllByDisplayValue": [Function],
  "findAllByLabelText": [Function],
  "findAllByPlaceholderText": [Function],
  "findAllByRole": [Function],
  "findAllByTestId": [Function],
  "findAllByText": [Function],
  "findAllByTitle": [Function],
  "findByAltText": [Function],
  "findByDisplayValue": [Function],
  "findByLabelText": [Function],
  "findByPlaceholderText": [Function],
  "findByRole": [Function],
  "findByTestId": [Function],
  "findByText": [Function],
  "findByTitle": [Function],
  "getAllByAltText": [Function],
  "getAllByDisplayValue": [Function],
  "getAllByLabelText": [Function],
  "getAllByPlaceholderText": [Function],
  "getAllByRole": [Function],
  "getAllByTestId": [Function],
  "getAllByText": [Function],
  "getAllByTitle": [Function],
  "getByAltText": [Function],
  "getByDisplayValue": [Function],
  "getByLabelText": [Function],
  "getByPlaceholderText": [Function],
  "getByRole": [Function],
  "getByTestId": [Function],
  "getByText": [Function],
  "getByTitle": [Function],
  "queryAllByAltText": [Function],
  "queryAllByDisplayValue": [Function],
  "queryAllByLabelText": [Function],
  "queryAllByPlaceholderText": [Function],
  "queryAllByRole": [Function],
  "queryAllByTestId": [Function],
  "queryAllByText": [Function],
  "queryAllByTitle": [Function],
  "queryByAltText": [Function],
  "queryByDisplayValue": [Function],
  "queryByLabelText": [Function],
  "queryByPlaceholderText": [Function],
  "queryByRole": [Function],
  "queryByTestId": [Function],
  "queryByText": [Function],
  "queryByTitle": [Function],
  "rerender": [Function],
  "unmount": [Function],
}
`;
